// Jest Snapshot v1, https://goo.gl/fbAQLP

exports[`About component matches snapshot DOM node structure 1`] = `
<DocumentFragment>
  <nav
    class="navbar navbar-expand-sm"
  >
    <div
      class="container-fluid"
    >
      <h1>
        Solar Heater
      </h1>
    </div>
  </nav>
</DocumentFragment>
`;
